----------------------------------------
Start task prologue Fri May 16 12:47:44 CEST 2025
----------------------------------------
Step ID:         47369253.0
Username:        simlei
Group:           action
Asked resources: walltime=1:00:00,nodes=1,cpus=1,mem=8G
Queue:           batch
Compute nodes:   dccn-c075
----------------------------------------
End task prologue Fri May 16 12:47:44 CEST 2025
----------------------------------------
----------------------------------------
Start job epilogue Fri May 16 13:14:07 CEST 2025
----------------------------------------
Job ID:          47369253
Job Exit Code:   0:0
Username:        simlei
Group:           action
Queue:           batch
Compute nodes:   dccn-c075
Asked resources: walltime=1:00:00,nodes=1,cpus=1,mem=8G
Used resources:  cputime=00:26:23,walltime=00:26:23,memory=0
----------------------------------------
End job epilogue Fri May 16 13:14:07 CEST 2025
----------------------------------------
